                                                      447---451---455               
                                                        |                           
                                                      446                           
                                                        |                           
                                          442---440---443---452---453               
                                            |           |                           
                                          441         444                           
                                            |           |                           
                                          439         445---450---454               
                                            |                                       
                                          438                                       
                                            |                                       
                                          437         416   417---418---419         
                                            |           |                 |         
                                          436         415---414---413   412         
                                            |                 |           |         
                                          435         411---406---405---400         
                                            |           |     |     |     |         
                        449---448---434---429---428---410---407   404---401         
                                            |           |     |     |     |         
                                          430         409---408---403---402         
                                            |           |     |           |         
                                          431         423---422   421---420         
                                            |           |           |     |         
                                          432         424---425---426   427         
                                            |                                       
                                          433                                       
                                                                                    
                                                                                    
                                                                                    
$~
#9999